// Jest Snapshot v1, https://goo.gl/fbAQLP

exports[`Footer Component renders in as expected; matches snapshot 1`] = `ShallowWrapper {}`;
