// Jest Snapshot v1, https://goo.gl/fbAQLP

exports[`App Component renders as expected; matches snapshot 1`] = `ShallowWrapper {}`;
